<?xml version="1.0" encoding="ISO-8859-1" ?>
<link_info>
   <banner>TI ARM Clang Linker PC v2.1.3.LTS</banner>
   <copyright>Copyright (c) 1996-2018 Texas Instruments Incorporated</copyright>
   <link_time>0x661c4bfb</link_time>
   <link_errors>0x0</link_errors>
   <output_file>ECE319K_Lab9H.out</output_file>
   <entry_point>
      <name>_c_int00_noargs</name>
      <address>0x1c85</address>
   </entry_point>
   <input_file_list>
      <input_file id="fl-1">
         <path>.\</path>
         <kind>object</kind>
         <file>Clock.o</file>
         <name>Clock.o</name>
      </input_file>
      <input_file id="fl-2">
         <path>.\</path>
         <kind>object</kind>
         <file>DAC5.o</file>
         <name>DAC5.o</name>
      </input_file>
      <input_file id="fl-3">
         <path>.\</path>
         <kind>object</kind>
         <file>LED.o</file>
         <name>LED.o</name>
      </input_file>
      <input_file id="fl-4">
         <path>.\</path>
         <kind>object</kind>
         <file>Lab9HMain.o</file>
         <name>Lab9HMain.o</name>
      </input_file>
      <input_file id="fl-5">
         <path>.\</path>
         <kind>object</kind>
         <file>LaunchPad.o</file>
         <name>LaunchPad.o</name>
      </input_file>
      <input_file id="fl-6">
         <path>.\</path>
         <kind>object</kind>
         <file>SPI.o</file>
         <name>SPI.o</name>
      </input_file>
      <input_file id="fl-7">
         <path>.\</path>
         <kind>object</kind>
         <file>ST7735.o</file>
         <name>ST7735.o</name>
      </input_file>
      <input_file id="fl-8">
         <path>.\</path>
         <kind>object</kind>
         <file>SlidePot.o</file>
         <name>SlidePot.o</name>
      </input_file>
      <input_file id="fl-9">
         <path>.\</path>
         <kind>object</kind>
         <file>SmallFont.o</file>
         <name>SmallFont.o</name>
      </input_file>
      <input_file id="fl-a">
         <path>.\</path>
         <kind>object</kind>
         <file>Sound.o</file>
         <name>Sound.o</name>
      </input_file>
      <input_file id="fl-b">
         <path>.\</path>
         <kind>object</kind>
         <file>Switch.o</file>
         <name>Switch.o</name>
      </input_file>
      <input_file id="fl-c">
         <path>.\</path>
         <kind>object</kind>
         <file>TExaS.o</file>
         <name>TExaS.o</name>
      </input_file>
      <input_file id="fl-d">
         <path>.\</path>
         <kind>object</kind>
         <file>Timer.o</file>
         <name>Timer.o</name>
      </input_file>
      <input_file id="fl-e">
         <path>.\images\pipedreams\</path>
         <kind>object</kind>
         <file>PipeSound.o</file>
         <name>PipeSound.o</name>
      </input_file>
      <input_file id="fl-f">
         <path>.\ticlang\</path>
         <kind>object</kind>
         <file>startup_mspm0g3507_ticlang.o</file>
         <name>startup_mspm0g3507_ticlang.o</name>
      </input_file>
      <input_file id="fl-1b">
         <kind>object</kind>
         <file>&lt;internal&gt;</file>
         <name>&lt;internal&gt;</name>
      </input_file>
      <input_file id="fl-27">
         <path>C:\ti\ccs1240\ccs\tools\compiler\ti-cgt-armllvm_2.1.3.LTS\lib\armv6m-ti-none-eabi\c\</path>
         <kind>archive</kind>
         <file>libc.a</file>
         <name>fopen.c.obj</name>
      </input_file>
      <input_file id="fl-28">
         <path>C:\ti\ccs1240\ccs\tools\compiler\ti-cgt-armllvm_2.1.3.LTS\lib\armv6m-ti-none-eabi\c\</path>
         <kind>archive</kind>
         <file>libc.a</file>
         <name>setvbuf.c.obj</name>
      </input_file>
      <input_file id="fl-29">
         <path>C:\ti\ccs1240\ccs\tools\compiler\ti-cgt-armllvm_2.1.3.LTS\lib\armv6m-ti-none-eabi\c\</path>
         <kind>archive</kind>
         <file>libc.a</file>
         <name>exit.c.obj</name>
      </input_file>
      <input_file id="fl-2a">
         <path>C:\ti\ccs1240\ccs\tools\compiler\ti-cgt-armllvm_2.1.3.LTS\lib\armv6m-ti-none-eabi\c\</path>
         <kind>archive</kind>
         <file>libc.a</file>
         <name>_lock.c.obj</name>
      </input_file>
      <input_file id="fl-2b">
         <path>C:\ti\ccs1240\ccs\tools\compiler\ti-cgt-armllvm_2.1.3.LTS\lib\armv6m-ti-none-eabi\c\</path>
         <kind>archive</kind>
         <file>libc.a</file>
         <name>defs.c.obj</name>
      </input_file>
      <input_file id="fl-2c">
         <path>C:\ti\ccs1240\ccs\tools\compiler\ti-cgt-armllvm_2.1.3.LTS\lib\armv6m-ti-none-eabi\c\</path>
         <kind>archive</kind>
         <file>libc.a</file>
         <name>memory.c.obj</name>
      </input_file>
      <input_file id="fl-2d">
         <path>C:\ti\ccs1240\ccs\tools\compiler\ti-cgt-armllvm_2.1.3.LTS\lib\armv6m-ti-none-eabi\c\</path>
         <kind>archive</kind>
         <file>libc.a</file>
         <name>copy_zero_init.c.obj</name>
      </input_file>
      <input_file id="fl-2e">
         <path>C:\ti\ccs1240\ccs\tools\compiler\ti-cgt-armllvm_2.1.3.LTS\lib\armv6m-ti-none-eabi\c\</path>
         <kind>archive</kind>
         <file>libc.a</file>
         <name>copy_decompress_none.c.obj</name>
      </input_file>
      <input_file id="fl-2f">
         <path>C:\ti\ccs1240\ccs\tools\compiler\ti-cgt-armllvm_2.1.3.LTS\lib\armv6m-ti-none-eabi\c\</path>
         <kind>archive</kind>
         <file>libc.a</file>
         <name>copy_decompress_lzss.c.obj</name>
      </input_file>
      <input_file id="fl-30">
         <path>C:\ti\ccs1240\ccs\tools\compiler\ti-cgt-armllvm_2.1.3.LTS\lib\armv6m-ti-none-eabi\c\</path>
         <kind>archive</kind>
         <file>libc.a</file>
         <name>boot_cortex_m.c.obj</name>
      </input_file>
      <input_file id="fl-31">
         <path>C:\ti\ccs1240\ccs\tools\compiler\ti-cgt-armllvm_2.1.3.LTS\lib\armv6m-ti-none-eabi\c\</path>
         <kind>archive</kind>
         <file>libc.a</file>
         <name>mathacl_init.c.obj</name>
      </input_file>
      <input_file id="fl-32">
         <path>C:\ti\ccs1240\ccs\tools\compiler\ti-cgt-armllvm_2.1.3.LTS\lib\armv6m-ti-none-eabi\c\</path>
         <kind>archive</kind>
         <file>libc.a</file>
         <name>abs.c.obj</name>
      </input_file>
      <input_file id="fl-33">
         <path>C:\ti\ccs1240\ccs\tools\compiler\ti-cgt-armllvm_2.1.3.LTS\lib\armv6m-ti-none-eabi\c\</path>
         <kind>archive</kind>
         <file>libc.a</file>
         <name>fclose.c.obj</name>
      </input_file>
      <input_file id="fl-34">
         <path>C:\ti\ccs1240\ccs\tools\compiler\ti-cgt-armllvm_2.1.3.LTS\lib\armv6m-ti-none-eabi\c\</path>
         <kind>archive</kind>
         <file>libc.a</file>
         <name>fflush.c.obj</name>
      </input_file>
      <input_file id="fl-35">
         <path>C:\ti\ccs1240\ccs\tools\compiler\ti-cgt-armllvm_2.1.3.LTS\lib\armv6m-ti-none-eabi\c\</path>
         <kind>archive</kind>
         <file>libc.a</file>
         <name>args_main.c.obj</name>
      </input_file>
      <input_file id="fl-36">
         <path>C:\ti\ccs1240\ccs\tools\compiler\ti-cgt-armllvm_2.1.3.LTS\lib\armv6m-ti-none-eabi\c\</path>
         <kind>archive</kind>
         <file>libc.a</file>
         <name>autoinit.c.obj</name>
      </input_file>
      <input_file id="fl-37">
         <path>C:\ti\ccs1240\ccs\tools\compiler\ti-cgt-armllvm_2.1.3.LTS\lib\armv6m-ti-none-eabi\c\</path>
         <kind>archive</kind>
         <file>libc.a</file>
         <name>pre_init.c.obj</name>
      </input_file>
      <input_file id="fl-38">
         <path>C:\ti\ccs1240\ccs\tools\compiler\ti-cgt-armllvm_2.1.3.LTS\lib\armv6m-ti-none-eabi\c\</path>
         <kind>archive</kind>
         <file>libc.a</file>
         <name>cpy_tbl.c.obj</name>
      </input_file>
      <input_file id="fl-71">
         <path>C:\ti\ccs1240\ccs\tools\compiler\ti-cgt-armllvm_2.1.3.LTS\lib\armv6m-ti-none-eabi\c\</path>
         <kind>archive</kind>
         <file>libsysbm.a</file>
         <name>write.c.obj</name>
      </input_file>
      <input_file id="fl-72">
         <path>C:\ti\ccs1240\ccs\tools\compiler\ti-cgt-armllvm_2.1.3.LTS\lib\armv6m-ti-none-eabi\c\</path>
         <kind>archive</kind>
         <file>libsysbm.a</file>
         <name>host_device.c.obj</name>
      </input_file>
      <input_file id="fl-73">
         <path>C:\ti\ccs1240\ccs\tools\compiler\ti-cgt-armllvm_2.1.3.LTS\lib\armv6m-ti-none-eabi\c\</path>
         <kind>archive</kind>
         <file>libsysbm.a</file>
         <name>remove.c.obj</name>
      </input_file>
      <input_file id="fl-74">
         <path>C:\ti\ccs1240\ccs\tools\compiler\ti-cgt-armllvm_2.1.3.LTS\lib\armv6m-ti-none-eabi\c\</path>
         <kind>archive</kind>
         <file>libsysbm.a</file>
         <name>open.c.obj</name>
      </input_file>
      <input_file id="fl-75">
         <path>C:\ti\ccs1240\ccs\tools\compiler\ti-cgt-armllvm_2.1.3.LTS\lib\armv6m-ti-none-eabi\c\</path>
         <kind>archive</kind>
         <file>libsysbm.a</file>
         <name>close.c.obj</name>
      </input_file>
      <input_file id="fl-76">
         <path>C:\ti\ccs1240\ccs\tools\compiler\ti-cgt-armllvm_2.1.3.LTS\lib\armv6m-ti-none-eabi\c\</path>
         <kind>archive</kind>
         <file>libsysbm.a</file>
         <name>add_device.c.obj</name>
      </input_file>
      <input_file id="fl-77">
         <path>C:\ti\ccs1240\ccs\tools\compiler\ti-cgt-armllvm_2.1.3.LTS\lib\armv6m-ti-none-eabi\c\</path>
         <kind>archive</kind>
         <file>libsysbm.a</file>
         <name>unlink.c.obj</name>
      </input_file>
      <input_file id="fl-78">
         <path>C:\ti\ccs1240\ccs\tools\compiler\ti-cgt-armllvm_2.1.3.LTS\lib\armv6m-ti-none-eabi\c\</path>
         <kind>archive</kind>
         <file>libsysbm.a</file>
         <name>hostclose.c.obj</name>
      </input_file>
      <input_file id="fl-79">
         <path>C:\ti\ccs1240\ccs\tools\compiler\ti-cgt-armllvm_2.1.3.LTS\lib\armv6m-ti-none-eabi\c\</path>
         <kind>archive</kind>
         <file>libsysbm.a</file>
         <name>hostlseek.c.obj</name>
      </input_file>
      <input_file id="fl-7a">
         <path>C:\ti\ccs1240\ccs\tools\compiler\ti-cgt-armllvm_2.1.3.LTS\lib\armv6m-ti-none-eabi\c\</path>
         <kind>archive</kind>
         <file>libsysbm.a</file>
         <name>hostopen.c.obj</name>
      </input_file>
      <input_file id="fl-7b">
         <path>C:\ti\ccs1240\ccs\tools\compiler\ti-cgt-armllvm_2.1.3.LTS\lib\armv6m-ti-none-eabi\c\</path>
         <kind>archive</kind>
         <file>libsysbm.a</file>
         <name>hostread.c.obj</name>
      </input_file>
      <input_file id="fl-7c">
         <path>C:\ti\ccs1240\ccs\tools\compiler\ti-cgt-armllvm_2.1.3.LTS\lib\armv6m-ti-none-eabi\c\</path>
         <kind>archive</kind>
         <file>libsysbm.a</file>
         <name>hostrename.c.obj</name>
      </input_file>
      <input_file id="fl-7d">
         <path>C:\ti\ccs1240\ccs\tools\compiler\ti-cgt-armllvm_2.1.3.LTS\lib\armv6m-ti-none-eabi\c\</path>
         <kind>archive</kind>
         <file>libsysbm.a</file>
         <name>hostunlink.c.obj</name>
      </input_file>
      <input_file id="fl-7e">
         <path>C:\ti\ccs1240\ccs\tools\compiler\ti-cgt-armllvm_2.1.3.LTS\lib\armv6m-ti-none-eabi\c\</path>
         <kind>archive</kind>
         <file>libsysbm.a</file>
         <name>hostwrite.c.obj</name>
      </input_file>
      <input_file id="fl-7f">
         <path>C:\ti\ccs1240\ccs\tools\compiler\ti-cgt-armllvm_2.1.3.LTS\lib\armv6m-ti-none-eabi\c\</path>
         <kind>archive</kind>
         <file>libsysbm.a</file>
         <name>trgmsg.c.obj</name>
      </input_file>
      <input_file id="fl-80">
         <path>C:\ti\ccs1240\ccs\tools\compiler\ti-cgt-armllvm_2.1.3.LTS\lib\clang\14.0.6\lib\armv6m-ti-none-eabi\</path>
         <kind>archive</kind>
         <file>libclang_rt.builtins.a</file>
         <name>adddf3.S.obj</name>
      </input_file>
      <input_file id="fl-81">
         <path>C:\ti\ccs1240\ccs\tools\compiler\ti-cgt-armllvm_2.1.3.LTS\lib\clang\14.0.6\lib\armv6m-ti-none-eabi\</path>
         <kind>archive</kind>
         <file>libclang_rt.builtins.a</file>
         <name>muldf3.S.obj</name>
      </input_file>
      <input_file id="fl-82">
         <path>C:\ti\ccs1240\ccs\tools\compiler\ti-cgt-armllvm_2.1.3.LTS\lib\clang\14.0.6\lib\armv6m-ti-none-eabi\</path>
         <kind>archive</kind>
         <file>libclang_rt.builtins.a</file>
         <name>muldsi3.S.obj</name>
      </input_file>
      <input_file id="fl-83">
         <path>C:\ti\ccs1240\ccs\tools\compiler\ti-cgt-armllvm_2.1.3.LTS\lib\clang\14.0.6\lib\armv6m-ti-none-eabi\</path>
         <kind>archive</kind>
         <file>libclang_rt.builtins.a</file>
         <name>floatunsidf.S.obj</name>
      </input_file>
      <input_file id="fl-84">
         <path>C:\ti\ccs1240\ccs\tools\compiler\ti-cgt-armllvm_2.1.3.LTS\lib\clang\14.0.6\lib\armv6m-ti-none-eabi\</path>
         <kind>archive</kind>
         <file>libclang_rt.builtins.a</file>
         <name>truncdfsf2.S.obj</name>
      </input_file>
      <input_file id="fl-85">
         <path>C:\ti\ccs1240\ccs\tools\compiler\ti-cgt-armllvm_2.1.3.LTS\lib\clang\14.0.6\lib\armv6m-ti-none-eabi\</path>
         <kind>archive</kind>
         <file>libclang_rt.builtins.a</file>
         <name>aeabi_idivmod.S.obj</name>
      </input_file>
      <input_file id="fl-86">
         <path>C:\ti\ccs1240\ccs\tools\compiler\ti-cgt-armllvm_2.1.3.LTS\lib\clang\14.0.6\lib\armv6m-ti-none-eabi\</path>
         <kind>archive</kind>
         <file>libclang_rt.builtins.a</file>
         <name>aeabi_memcpy.S.obj</name>
      </input_file>
      <input_file id="fl-87">
         <path>C:\ti\ccs1240\ccs\tools\compiler\ti-cgt-armllvm_2.1.3.LTS\lib\clang\14.0.6\lib\armv6m-ti-none-eabi\</path>
         <kind>archive</kind>
         <file>libclang_rt.builtins.a</file>
         <name>aeabi_memset.S.obj</name>
      </input_file>
      <input_file id="fl-88">
         <path>C:\ti\ccs1240\ccs\tools\compiler\ti-cgt-armllvm_2.1.3.LTS\lib\clang\14.0.6\lib\armv6m-ti-none-eabi\</path>
         <kind>archive</kind>
         <file>libclang_rt.builtins.a</file>
         <name>aeabi_uidivmod.S.obj</name>
      </input_file>
      <input_file id="fl-89">
         <path>C:\ti\ccs1240\ccs\tools\compiler\ti-cgt-armllvm_2.1.3.LTS\lib\clang\14.0.6\lib\armv6m-ti-none-eabi\</path>
         <kind>archive</kind>
         <file>libclang_rt.builtins.a</file>
         <name>aeabi_div0.c.obj</name>
      </input_file>
      <input_file id="fl-8a">
         <path>C:\ti\ccs1240\ccs\tools\compiler\ti-cgt-armllvm_2.1.3.LTS\lib\armv6m-ti-none-eabi\c\</path>
         <kind>archive</kind>
         <file>libc.a</file>
         <name>getdevice.c.obj</name>
      </input_file>
      <input_file id="fl-8b">
         <path>C:\ti\ccs1240\ccs\tools\compiler\ti-cgt-armllvm_2.1.3.LTS\lib\armv6m-ti-none-eabi\c\</path>
         <kind>archive</kind>
         <file>libc.a</file>
         <name>memcpy16.S.obj</name>
      </input_file>
      <input_file id="fl-8c">
         <path>C:\ti\ccs1240\ccs\tools\compiler\ti-cgt-armllvm_2.1.3.LTS\lib\armv6m-ti-none-eabi\c\</path>
         <kind>archive</kind>
         <file>libc.a</file>
         <name>memset16.S.obj</name>
      </input_file>
   </input_file_list>
   <object_component_list>
      <object_component id="oc-18">
         <name>.intvecs</name>
         <load_address>0x0</load_address>
         <run_address>0x0</run_address>
         <size>0xc0</size>
         <input_file_ref idref="fl-f"/>
      </object_component>
      <object_component id="oc-cc">
         <name>.text._Z15Clock_Init80MHzi</name>
         <load_address>0xc0</load_address>
         <run_address>0xc0</run_address>
         <size>0x1b4</size>
         <input_file_ref idref="fl-1"/>
      </object_component>
      <object_component id="oc-f0">
         <name>.text._Z16ST7735_DrawCharSsscssh</name>
         <load_address>0x274</load_address>
         <run_address>0x274</run_address>
         <size>0x1a0</size>
         <input_file_ref idref="fl-7"/>
      </object_component>
      <object_component id="oc-135">
         <name>.text._openfile</name>
         <load_address>0x414</load_address>
         <run_address>0x414</run_address>
         <size>0x13c</size>
         <input_file_ref idref="fl-27"/>
      </object_component>
      <object_component id="oc-199">
         <name>.text.aligned_alloc</name>
         <load_address>0x550</load_address>
         <run_address>0x550</run_address>
         <size>0x13c</size>
         <input_file_ref idref="fl-2c"/>
      </object_component>
      <object_component id="oc-ec">
         <name>.text._Z15ST7735_FillRectsssst</name>
         <load_address>0x68c</load_address>
         <run_address>0x68c</run_address>
         <size>0x118</size>
         <input_file_ref idref="fl-7"/>
      </object_component>
      <object_component id="oc-7a">
         <name>.text.main</name>
         <load_address>0x7a4</load_address>
         <run_address>0x7a4</run_address>
         <size>0x118</size>
         <input_file_ref idref="fl-4"/>
      </object_component>
      <object_component id="oc-140">
         <name>.text.free</name>
         <load_address>0x8bc</load_address>
         <run_address>0x8bc</run_address>
         <size>0x100</size>
         <input_file_ref idref="fl-2c"/>
      </object_component>
      <object_component id="oc-15c">
         <name>.text._Z8SPI_Initv</name>
         <load_address>0x9bc</load_address>
         <run_address>0x9bc</run_address>
         <size>0xf8</size>
         <input_file_ref idref="fl-6"/>
      </object_component>
      <object_component id="oc-d1">
         <name>.text.add_device</name>
         <load_address>0xab4</load_address>
         <run_address>0xab4</run_address>
         <size>0xe8</size>
         <input_file_ref idref="fl-76"/>
      </object_component>
      <object_component id="oc-dc">
         <name>.text.setvbuf</name>
         <load_address>0xb9c</load_address>
         <run_address>0xb9c</run_address>
         <size>0xe0</size>
         <input_file_ref idref="fl-28"/>
      </object_component>
      <object_component id="oc-9d">
         <name>.text._Z14ST7735_OutCharc</name>
         <load_address>0xc7c</load_address>
         <run_address>0xc7c</run_address>
         <size>0xd0</size>
         <input_file_ref idref="fl-7"/>
      </object_component>
      <object_component id="oc-182">
         <name>.text.open</name>
         <load_address>0xd4c</load_address>
         <run_address>0xd4c</run_address>
         <size>0xa8</size>
         <input_file_ref idref="fl-74"/>
      </object_component>
      <object_component id="oc-11b">
         <name>.text._ZL11commandListPKh</name>
         <load_address>0xdf4</load_address>
         <run_address>0xdf4</run_address>
         <size>0xa2</size>
         <input_file_ref idref="fl-7"/>
      </object_component>
      <object_component id="oc-2f">
         <name>.text.SysTick_Handler</name>
         <load_address>0xe96</load_address>
         <run_address>0xe96</run_address>
         <size>0x2</size>
         <input_file_ref idref="fl-a"/>
      </object_component>
      <object_component id="oc-96">
         <name>.text._Z17ST7735_InitPrintfv</name>
         <load_address>0xe98</load_address>
         <run_address>0xe98</run_address>
         <size>0x9c</size>
         <input_file_ref idref="fl-7"/>
      </object_component>
      <object_component id="oc-d0">
         <name>.text._Z12ST7735_InitR10initRFlags</name>
         <load_address>0xf34</load_address>
         <run_address>0xf34</run_address>
         <size>0x98</size>
         <input_file_ref idref="fl-7"/>
      </object_component>
      <object_component id="oc-14a">
         <name>.text._ZL13setAddrWindowhhhh</name>
         <load_address>0xfcc</load_address>
         <run_address>0xfcc</run_address>
         <size>0x88</size>
         <input_file_ref idref="fl-7"/>
      </object_component>
      <object_component id="oc-a4">
         <name>.text._Z14ST7735_OutUDecj</name>
         <load_address>0x1054</load_address>
         <run_address>0x1054</run_address>
         <size>0x84</size>
         <input_file_ref idref="fl-7"/>
      </object_component>
      <object_component id="oc-ef">
         <name>.text._Z17ST7735_DrawStringttPcs</name>
         <load_address>0x10d8</load_address>
         <run_address>0x10d8</run_address>
         <size>0x84</size>
         <input_file_ref idref="fl-7"/>
      </object_component>
      <object_component id="oc-d5">
         <name>.text.fopen</name>
         <load_address>0x115c</load_address>
         <run_address>0x115c</run_address>
         <size>0x84</size>
         <input_file_ref idref="fl-27"/>
      </object_component>
      <object_component id="oc-91">
         <name>.text._Z14LaunchPad_Initv</name>
         <load_address>0x11e0</load_address>
         <run_address>0x11e0</run_address>
         <size>0x7c</size>
         <input_file_ref idref="fl-5"/>
      </object_component>
      <object_component id="oc-13a">
         <name>.text.__TI_closefile</name>
         <load_address>0x125c</load_address>
         <run_address>0x125c</run_address>
         <size>0x7c</size>
         <input_file_ref idref="fl-33"/>
      </object_component>
      <object_component id="oc-14b">
         <name>.text._Z16ST7735_DrawPixelsst</name>
         <load_address>0x12d8</load_address>
         <run_address>0x12d8</run_address>
         <size>0x70</size>
         <input_file_ref idref="fl-7"/>
      </object_component>
      <object_component id="oc-1be">
         <name>.text.getdevice</name>
         <load_address>0x1348</load_address>
         <run_address>0x1348</run_address>
         <size>0x6c</size>
         <input_file_ref idref="fl-8a"/>
      </object_component>
      <object_component id="oc-171">
         <name>.text.HOSTlseek</name>
         <load_address>0x13b4</load_address>
         <run_address>0x13b4</run_address>
         <size>0x68</size>
         <input_file_ref idref="fl-79"/>
      </object_component>
      <object_component id="oc-179">
         <name>.text.HOSTrename</name>
         <load_address>0x141c</load_address>
         <run_address>0x141c</run_address>
         <size>0x68</size>
         <input_file_ref idref="fl-7c"/>
      </object_component>
      <object_component id="oc-1c">
         <name>.text:decompress:lzss</name>
         <load_address>0x1484</load_address>
         <run_address>0x1484</run_address>
         <size>0x68</size>
         <input_file_ref idref="fl-2f"/>
      </object_component>
      <object_component id="oc-1d5">
         <name>.text.split</name>
         <load_address>0x14ec</load_address>
         <run_address>0x14ec</run_address>
         <size>0x64</size>
         <input_file_ref idref="fl-2c"/>
      </object_component>
      <object_component id="oc-161">
         <name>.text.HOSTopen</name>
         <load_address>0x1550</load_address>
         <run_address>0x1550</run_address>
         <size>0x5c</size>
         <input_file_ref idref="fl-7a"/>
      </object_component>
      <object_component id="oc-169">
         <name>.text.HOSTread</name>
         <load_address>0x15ac</load_address>
         <run_address>0x15ac</run_address>
         <size>0x58</size>
         <input_file_ref idref="fl-7b"/>
      </object_component>
      <object_component id="oc-16d">
         <name>.text.HOSTwrite</name>
         <load_address>0x1604</load_address>
         <run_address>0x1604</run_address>
         <size>0x58</size>
         <input_file_ref idref="fl-7e"/>
      </object_component>
      <object_component id="oc-fc">
         <name>.text._Z11fillmessagej</name>
         <load_address>0x165c</load_address>
         <run_address>0x165c</run_address>
         <size>0x54</size>
         <input_file_ref idref="fl-7"/>
      </object_component>
      <object_component id="oc-b3">
         <name>.text:__TI_auto_init_nobinit</name>
         <load_address>0x16b0</load_address>
         <run_address>0x16b0</run_address>
         <size>0x54</size>
         <input_file_ref idref="fl-36"/>
      </object_component>
      <object_component id="oc-186">
         <name>.text.__TI_doflush</name>
         <load_address>0x1704</load_address>
         <run_address>0x1704</run_address>
         <size>0x50</size>
         <input_file_ref idref="fl-34"/>
      </object_component>
      <object_component id="oc-18c">
         <name>.text.close</name>
         <load_address>0x1754</load_address>
         <run_address>0x1754</run_address>
         <size>0x50</size>
         <input_file_ref idref="fl-75"/>
      </object_component>
      <object_component id="oc-165">
         <name>.text.HOSTclose</name>
         <load_address>0x17a4</load_address>
         <run_address>0x17a4</run_address>
         <size>0x48</size>
         <input_file_ref idref="fl-78"/>
      </object_component>
      <object_component id="oc-175">
         <name>.text.HOSTunlink</name>
         <load_address>0x17ec</load_address>
         <run_address>0x17ec</run_address>
         <size>0x48</size>
         <input_file_ref idref="fl-7d"/>
      </object_component>
      <object_component id="oc-11c">
         <name>.text._Z14SPI_OutCommandc</name>
         <load_address>0x1834</load_address>
         <run_address>0x1834</run_address>
         <size>0x48</size>
         <input_file_ref idref="fl-6"/>
      </object_component>
      <object_component id="oc-34">
         <name>.text.TIMG7_IRQHandler</name>
         <load_address>0x187c</load_address>
         <run_address>0x187c</run_address>
         <size>0x40</size>
         <input_file_ref idref="fl-c"/>
      </object_component>
      <object_component id="oc-19f">
         <name>.text._Z9SPI_Resetv</name>
         <load_address>0x18bc</load_address>
         <run_address>0x18bc</run_address>
         <size>0x40</size>
         <input_file_ref idref="fl-6"/>
      </object_component>
      <object_component id="oc-f4">
         <name>.text</name>
         <load_address>0x18fc</load_address>
         <run_address>0x18fc</run_address>
         <size>0x40</size>
         <input_file_ref idref="fl-88"/>
      </object_component>
      <object_component id="oc-121">
         <name>.text._Z11SPI_OutDatac</name>
         <load_address>0x193c</load_address>
         <run_address>0x193c</run_address>
         <size>0x38</size>
         <input_file_ref idref="fl-6"/>
      </object_component>
      <object_component id="oc-cd">
         <name>.text._Z15ActivatePortA_Bv</name>
         <load_address>0x1974</load_address>
         <run_address>0x1974</run_address>
         <size>0x38</size>
         <input_file_ref idref="fl-5"/>
      </object_component>
      <object_component id="oc-129">
         <name>.text.finddevice</name>
         <load_address>0x19ac</load_address>
         <run_address>0x19ac</run_address>
         <size>0x38</size>
         <input_file_ref idref="fl-8a"/>
      </object_component>
      <object_component id="oc-e3">
         <name>.text._Z12ST7735_writeiPKcj</name>
         <load_address>0x19e4</load_address>
         <run_address>0x19e4</run_address>
         <size>0x34</size>
         <input_file_ref idref="fl-7"/>
      </object_component>
      <object_component id="oc-9e">
         <name>.text._Z14Clock_Delay1msj</name>
         <load_address>0x1a18</load_address>
         <run_address>0x1a18</run_address>
         <size>0x34</size>
         <input_file_ref idref="fl-1"/>
      </object_component>
      <object_component id="oc-a3">
         <name>.text._Z16ST7735_SetCursorjj</name>
         <load_address>0x1a4c</load_address>
         <run_address>0x1a4c</run_address>
         <size>0x34</size>
         <input_file_ref idref="fl-7"/>
      </object_component>
      <object_component id="oc-143">
         <name>.text.__TI_cleanup</name>
         <load_address>0x1a80</load_address>
         <run_address>0x1a80</run_address>
         <size>0x34</size>
         <input_file_ref idref="fl-27"/>
      </object_component>
      <object_component id="oc-1a6">
         <name>.text.__TI_readmsg</name>
         <load_address>0x1ab4</load_address>
         <run_address>0x1ab4</run_address>
         <size>0x34</size>
         <input_file_ref idref="fl-7f"/>
      </object_component>
      <object_component id="oc-1a0">
         <name>.text.__TI_writemsg</name>
         <load_address>0x1ae8</load_address>
         <run_address>0x1ae8</run_address>
         <size>0x34</size>
         <input_file_ref idref="fl-7f"/>
      </object_component>
      <object_component id="oc-ab">
         <name>.text.exit</name>
         <load_address>0x1b1c</load_address>
         <run_address>0x1b1c</run_address>
         <size>0x34</size>
         <input_file_ref idref="fl-29"/>
      </object_component>
      <object_component id="oc-db">
         <name>.text.freopen</name>
         <load_address>0x1b50</load_address>
         <run_address>0x1b50</run_address>
         <size>0x34</size>
         <input_file_ref idref="fl-27"/>
      </object_component>
      <object_component id="oc-11a">
         <name>.text._ZL10commonInitPKh</name>
         <load_address>0x1b84</load_address>
         <run_address>0x1b84</run_address>
         <size>0x30</size>
         <input_file_ref idref="fl-7"/>
      </object_component>
      <object_component id="oc-9b">
         <name>.text._Z17ST7735_FillScreent</name>
         <load_address>0x1bb4</load_address>
         <run_address>0x1bb4</run_address>
         <size>0x2c</size>
         <input_file_ref idref="fl-7"/>
      </object_component>
      <object_component id="oc-1cd">
         <name>.text.unlink</name>
         <load_address>0x1be0</load_address>
         <run_address>0x1be0</run_address>
         <size>0x2c</size>
         <input_file_ref idref="fl-77"/>
      </object_component>
      <object_component id="oc-39">
         <name>.text.TIMG12_IRQHandler</name>
         <load_address>0x1c0c</load_address>
         <run_address>0x1c0c</run_address>
         <size>0x28</size>
         <input_file_ref idref="fl-4"/>
      </object_component>
      <object_component id="oc-198">
         <name>.text.free_list_insert</name>
         <load_address>0x1c34</load_address>
         <run_address>0x1c34</run_address>
         <size>0x28</size>
         <input_file_ref idref="fl-2c"/>
      </object_component>
      <object_component id="oc-1c4">
         <name>.text.write</name>
         <load_address>0x1c5c</load_address>
         <run_address>0x1c5c</run_address>
         <size>0x28</size>
         <input_file_ref idref="fl-71"/>
      </object_component>
      <object_component id="oc-59">
         <name>.text:_c_int00_noargs</name>
         <load_address>0x1c84</load_address>
         <run_address>0x1c84</run_address>
         <size>0x28</size>
         <input_file_ref idref="fl-30"/>
      </object_component>
      <object_component id="oc-9c">
         <name>.text._Z16ST7735_OutStringPc</name>
         <load_address>0x1cac</load_address>
         <run_address>0x1cac</run_address>
         <size>0x26</size>
         <input_file_ref idref="fl-7"/>
      </object_component>
      <object_component id="oc-19a">
         <name>.text._ZL9pushColort</name>
         <load_address>0x1cd2</load_address>
         <run_address>0x1cd2</run_address>
         <size>0x1e</size>
         <input_file_ref idref="fl-7"/>
      </object_component>
      <object_component id="oc-197">
         <name>.text.free_list_remove</name>
         <load_address>0x1cf0</load_address>
         <run_address>0x1cf0</run_address>
         <size>0x1c</size>
         <input_file_ref idref="fl-2c"/>
      </object_component>
      <object_component id="oc-72">
         <name>.text</name>
         <load_address>0x1d0c</load_address>
         <run_address>0x1d0c</run_address>
         <size>0x1c</size>
         <input_file_ref idref="fl-87"/>
      </object_component>
      <object_component id="oc-85">
         <name>.text.__cxx_global_var_init</name>
         <load_address>0x1d28</load_address>
         <run_address>0x1d28</run_address>
         <size>0x18</size>
         <input_file_ref idref="fl-4"/>
      </object_component>
      <object_component id="oc-e6">
         <name>.text._Z11ST7735_openPKcji</name>
         <load_address>0x1d40</load_address>
         <run_address>0x1d40</run_address>
         <size>0x16</size>
         <input_file_ref idref="fl-7"/>
      </object_component>
      <object_component id="oc-e4">
         <name>.text._Z11ST7735_readiPcj</name>
         <load_address>0x1d56</load_address>
         <run_address>0x1d56</run_address>
         <size>0x16</size>
         <input_file_ref idref="fl-7"/>
      </object_component>
      <object_component id="oc-bf">
         <name>.text._ZN8SlidePotC2Ejj</name>
         <load_address>0x1d6c</load_address>
         <run_address>0x1d6c</run_address>
         <size>0x16</size>
         <input_file_ref idref="fl-8"/>
      </object_component>
      <object_component id="oc-50">
         <name>.text:decompress:ZI:__TI_zero_init_nomemset</name>
         <load_address>0x1d82</load_address>
         <run_address>0x1d82</run_address>
         <size>0x14</size>
         <input_file_ref idref="fl-2d"/>
      </object_component>
      <object_component id="oc-86">
         <name>.text:TI_memcpy_small</name>
         <load_address>0x1d96</load_address>
         <run_address>0x1d96</run_address>
         <size>0x12</size>
         <input_file_ref idref="fl-8b"/>
      </object_component>
      <object_component id="oc-20">
         <name>.text:decompress:none</name>
         <load_address>0x1da8</load_address>
         <run_address>0x1da8</run_address>
         <size>0x12</size>
         <input_file_ref idref="fl-2e"/>
      </object_component>
      <object_component id="oc-f8">
         <name>.text._Z11Clock_Delayj</name>
         <load_address>0x1dba</load_address>
         <run_address>0x1dba</run_address>
         <size>0x10</size>
         <input_file_ref idref="fl-1"/>
      </object_component>
      <object_component id="oc-e2">
         <name>.text._Z12ST7735_lseekili</name>
         <load_address>0x1dca</load_address>
         <run_address>0x1dca</run_address>
         <size>0xe</size>
         <input_file_ref idref="fl-7"/>
      </object_component>
      <object_component id="oc-1ba">
         <name>.text.strcpy</name>
         <load_address>0x1dd8</load_address>
         <run_address>0x1dd8</run_address>
         <size>0xe</size>
         <input_file_ref idref="fl-7c"/>
      </object_component>
      <object_component id="oc-1bb">
         <name>.text.strlen</name>
         <load_address>0x1de6</load_address>
         <run_address>0x1de6</run_address>
         <size>0xe</size>
         <input_file_ref idref="fl-7c"/>
      </object_component>
      <object_component id="oc-c6">
         <name>.text:TI_memset_small</name>
         <load_address>0x1df4</load_address>
         <run_address>0x1df4</run_address>
         <size>0xe</size>
         <input_file_ref idref="fl-8c"/>
      </object_component>
      <object_component id="oc-14d">
         <name>.text.__aeabi_idiv0</name>
         <load_address>0x1e02</load_address>
         <run_address>0x1e02</run_address>
         <size>0x2</size>
         <input_file_ref idref="fl-89"/>
      </object_component>
      <object_component id="oc-19e">
         <name>.text._Z10Clock_Freqv</name>
         <load_address>0x1e04</load_address>
         <run_address>0x1e04</run_address>
         <size>0xc</size>
         <input_file_ref idref="fl-1"/>
      </object_component>
      <object_component id="oc-e0">
         <name>.text._Z13ST7735_renamePKcS0_</name>
         <load_address>0x1e10</load_address>
         <run_address>0x1e10</run_address>
         <size>0xc</size>
         <input_file_ref idref="fl-7"/>
      </object_component>
      <object_component id="oc-142">
         <name>.text.malloc</name>
         <load_address>0x1e1c</load_address>
         <run_address>0x1e1c</run_address>
         <size>0xc</size>
         <input_file_ref idref="fl-2c"/>
      </object_component>
      <object_component id="oc-e7">
         <name>.text._Z12ST7735_closei</name>
         <load_address>0x1e28</load_address>
         <run_address>0x1e28</run_address>
         <size>0xa</size>
         <input_file_ref idref="fl-7"/>
      </object_component>
      <object_component id="oc-e1">
         <name>.text._Z13ST7735_unlinkPKc</name>
         <load_address>0x1e32</load_address>
         <run_address>0x1e32</run_address>
         <size>0xa</size>
         <input_file_ref idref="fl-7"/>
      </object_component>
      <object_component id="oc-90">
         <name>.text._Z8PLL_Initv</name>
         <load_address>0x1e3c</load_address>
         <run_address>0x1e3c</run_address>
         <size>0xa</size>
         <input_file_ref idref="fl-4"/>
      </object_component>
      <object_component id="oc-60">
         <name>.text._GLOBAL__sub_I_Lab9HMain.cpp</name>
         <load_address>0x1e46</load_address>
         <run_address>0x1e46</run_address>
         <size>0x8</size>
         <input_file_ref idref="fl-4"/>
      </object_component>
      <object_component id="oc-190">
         <name>.text.remove</name>
         <load_address>0x1e4e</load_address>
         <run_address>0x1e4e</run_address>
         <size>0x8</size>
         <input_file_ref idref="fl-73"/>
      </object_component>
      <object_component id="oc-153">
         <name>.text._nop</name>
         <load_address>0x1e56</load_address>
         <run_address>0x1e56</run_address>
         <size>0x2</size>
         <input_file_ref idref="fl-2a"/>
      </object_component>
      <object_component id="oc-49">
         <name>.text</name>
         <load_address>0x1e58</load_address>
         <run_address>0x1e58</run_address>
         <size>0x8</size>
         <input_file_ref idref="fl-86"/>
      </object_component>
      <object_component id="oc-2d">
         <name>.text.Default_Handler</name>
         <load_address>0x1e60</load_address>
         <run_address>0x1e60</run_address>
         <size>0x4</size>
         <input_file_ref idref="fl-f"/>
      </object_component>
      <object_component id="oc-2e">
         <name>.text.HardFault_Handler</name>
         <load_address>0x1e64</load_address>
         <run_address>0x1e64</run_address>
         <size>0x4</size>
         <input_file_ref idref="fl-f"/>
      </object_component>
      <object_component id="oc-29">
         <name>.text.Reset_Handler</name>
         <load_address>0x1e68</load_address>
         <run_address>0x1e68</run_address>
         <size>0x4</size>
         <input_file_ref idref="fl-f"/>
      </object_component>
      <object_component id="oc-76">
         <name>.text._system_pre_init</name>
         <load_address>0x1e6c</load_address>
         <run_address>0x1e6c</run_address>
         <size>0x4</size>
         <input_file_ref idref="fl-37"/>
      </object_component>
      <object_component id="oc-a6">
         <name>.text:abort</name>
         <load_address>0x1e70</load_address>
         <run_address>0x1e70</run_address>
         <size>0x4</size>
         <input_file_ref idref="fl-29"/>
      </object_component>
      <object_component id="oc-21b">
         <name>.cinit..data.load</name>
         <load_address>0x2480</load_address>
         <run_address>0x2480</run_address>
         <size>0x8c</size>
      </object_component>
      <object_component id="oc-219">
         <name>__TI_handler_table</name>
         <load_address>0x250c</load_address>
         <run_address>0x250c</run_address>
         <size>0xc</size>
      </object_component>
      <object_component id="oc-21c">
         <name>.cinit..bss.load</name>
         <load_address>0x2518</load_address>
         <run_address>0x2518</run_address>
         <size>0x8</size>
      </object_component>
      <object_component id="oc-21a">
         <name>__TI_cinit_table</name>
         <load_address>0x2520</load_address>
         <run_address>0x2520</run_address>
         <size>0x10</size>
      </object_component>
      <object_component id="oc-14c">
         <name>.rodata._ZL4Font</name>
         <load_address>0x1e78</load_address>
         <run_address>0x1e78</run_address>
         <size>0x4fb</size>
         <input_file_ref idref="fl-7"/>
      </object_component>
      <object_component id="oc-122">
         <name>.rodata._ZL5Rcmd1</name>
         <load_address>0x2373</load_address>
         <run_address>0x2373</run_address>
         <size>0x3b</size>
         <input_file_ref idref="fl-7"/>
      </object_component>
      <object_component id="oc-e5">
         <name>.rodata.str1.1</name>
         <load_address>0x23ae</load_address>
         <run_address>0x23ae</run_address>
         <size>0x2e</size>
         <input_file_ref idref="fl-7"/>
      </object_component>
      <object_component id="oc-127">
         <name>.rodata._ZL5Rcmd3</name>
         <load_address>0x23dc</load_address>
         <run_address>0x23dc</run_address>
         <size>0x2b</size>
         <input_file_ref idref="fl-7"/>
      </object_component>
      <object_component id="oc-124">
         <name>.rodata._ZL10Rcmd2green</name>
         <load_address>0x2407</load_address>
         <run_address>0x2407</run_address>
         <size>0xd</size>
         <input_file_ref idref="fl-7"/>
      </object_component>
      <object_component id="oc-123">
         <name>.rodata._ZL8Rcmd2red</name>
         <load_address>0x2414</load_address>
         <run_address>0x2414</run_address>
         <size>0xd</size>
         <input_file_ref idref="fl-7"/>
      </object_component>
      <object_component id="oc-106">
         <name>.rodata._ZL14Goodbye_French</name>
         <load_address>0x2421</load_address>
         <run_address>0x2421</run_address>
         <size>0xa</size>
         <input_file_ref idref="fl-4"/>
      </object_component>
      <object_component id="oc-109">
         <name>.rodata._ZL19Language_Portuguese</name>
         <load_address>0x242b</load_address>
         <run_address>0x242b</run_address>
         <size>0xa</size>
         <input_file_ref idref="fl-4"/>
      </object_component>
      <object_component id="oc-10a">
         <name>.rodata._ZL15Language_French</name>
         <load_address>0x2435</load_address>
         <run_address>0x2435</run_address>
         <size>0x9</size>
         <input_file_ref idref="fl-4"/>
      </object_component>
      <object_component id="oc-103">
         <name>.rodata._ZL15Goodbye_English</name>
         <load_address>0x243e</load_address>
         <run_address>0x243e</run_address>
         <size>0x8</size>
         <input_file_ref idref="fl-4"/>
      </object_component>
      <object_component id="oc-107">
         <name>.rodata._ZL16Language_English</name>
         <load_address>0x2446</load_address>
         <run_address>0x2446</run_address>
         <size>0x8</size>
         <input_file_ref idref="fl-4"/>
      </object_component>
      <object_component id="oc-108">
         <name>.rodata._ZL16Language_Spanish</name>
         <load_address>0x244e</load_address>
         <run_address>0x244e</run_address>
         <size>0x8</size>
         <input_file_ref idref="fl-4"/>
      </object_component>
      <object_component id="oc-100">
         <name>.rodata._ZL13Hello_Spanish</name>
         <load_address>0x2456</load_address>
         <run_address>0x2456</run_address>
         <size>0x7</size>
         <input_file_ref idref="fl-4"/>
      </object_component>
      <object_component id="oc-ff">
         <name>.rodata._ZL13Hello_English</name>
         <load_address>0x245d</load_address>
         <run_address>0x245d</run_address>
         <size>0x6</size>
         <input_file_ref idref="fl-4"/>
      </object_component>
      <object_component id="oc-104">
         <name>.rodata._ZL15Goodbye_Spanish</name>
         <load_address>0x2463</load_address>
         <run_address>0x2463</run_address>
         <size>0x6</size>
         <input_file_ref idref="fl-4"/>
      </object_component>
      <object_component id="oc-105">
         <name>.rodata._ZL18Goodbye_Portuguese</name>
         <load_address>0x2469</load_address>
         <run_address>0x2469</run_address>
         <size>0x6</size>
         <input_file_ref idref="fl-4"/>
      </object_component>
      <object_component id="oc-102">
         <name>.rodata._ZL12Hello_French</name>
         <load_address>0x246f</load_address>
         <run_address>0x246f</run_address>
         <size>0x5</size>
         <input_file_ref idref="fl-4"/>
      </object_component>
      <object_component id="oc-101">
         <name>.rodata._ZL16Hello_Portuguese</name>
         <load_address>0x2474</load_address>
         <run_address>0x2474</run_address>
         <size>0x4</size>
         <input_file_ref idref="fl-4"/>
      </object_component>
      <object_component id="oc-26">
         <name>.init_array</name>
         <load_address>0x2478</load_address>
         <run_address>0x2478</run_address>
         <size>0x4</size>
         <input_file_ref idref="fl-4"/>
      </object_component>
      <object_component id="oc-21d">
         <name>SHT$$INIT_ARRAY$$Limit</name>
         <load_address>0x247c</load_address>
         <run_address>0x247c</run_address>
         <size>0x0</size>
      </object_component>
      <object_component id="oc-1e6">
         <name>.binit</name>
         <load_address>0x0</load_address>
         <run_address>0x0</run_address>
         <size>0x0</size>
      </object_component>
      <object_component id="oc-f9">
         <name>.data.BusFreq</name>
         <load_address>0x20200204</load_address>
         <run_address>0x20200204</run_address>
         <size>0x4</size>
         <input_file_ref idref="fl-1"/>
      </object_component>
      <object_component id="oc-c4">
         <name>.data.Sensor</name>
         <load_address>0x202001e8</load_address>
         <run_address>0x202001e8</run_address>
         <size>0x14</size>
         <input_file_ref idref="fl-4"/>
      </object_component>
      <object_component id="oc-a5">
         <name>.data.Phrases</name>
         <load_address>0x202001b8</load_address>
         <run_address>0x202001b8</run_address>
         <size>0x30</size>
         <input_file_ref idref="fl-4"/>
      </object_component>
      <object_component id="oc-f1">
         <name>.data.StX</name>
         <load_address>0x20200208</load_address>
         <run_address>0x20200208</run_address>
         <size>0x4</size>
         <input_file_ref idref="fl-7"/>
      </object_component>
      <object_component id="oc-f2">
         <name>.data.StY</name>
         <load_address>0x2020020c</load_address>
         <run_address>0x2020020c</run_address>
         <size>0x4</size>
         <input_file_ref idref="fl-7"/>
      </object_component>
      <object_component id="oc-f3">
         <name>.data.StTextColor</name>
         <load_address>0x2020021c</load_address>
         <run_address>0x2020021c</run_address>
         <size>0x2</size>
         <input_file_ref idref="fl-7"/>
      </object_component>
      <object_component id="oc-ed">
         <name>.data._ZL6_width</name>
         <load_address>0x2020021e</load_address>
         <run_address>0x2020021e</run_address>
         <size>0x2</size>
         <input_file_ref idref="fl-7"/>
      </object_component>
      <object_component id="oc-ee">
         <name>.data._ZL7_height</name>
         <load_address>0x20200220</load_address>
         <run_address>0x20200220</run_address>
         <size>0x2</size>
         <input_file_ref idref="fl-7"/>
      </object_component>
      <object_component id="oc-136">
         <name>.data._search_fp.init</name>
         <load_address>0x20200224</load_address>
         <run_address>0x20200224</run_address>
         <size>0x1</size>
         <input_file_ref idref="fl-27"/>
      </object_component>
      <object_component id="oc-10f">
         <name>.data..L_MergedGlobals</name>
         <load_address>0x202001fc</load_address>
         <run_address>0x202001fc</run_address>
         <size>0x8</size>
         <input_file_ref idref="fl-29"/>
      </object_component>
      <object_component id="oc-10d">
         <name>.data._lock</name>
         <load_address>0x20200214</load_address>
         <run_address>0x20200214</run_address>
         <size>0x4</size>
         <input_file_ref idref="fl-2a"/>
      </object_component>
      <object_component id="oc-110">
         <name>.data._unlock</name>
         <load_address>0x20200218</load_address>
         <run_address>0x20200218</run_address>
         <size>0x4</size>
         <input_file_ref idref="fl-2a"/>
      </object_component>
      <object_component id="oc-e8">
         <name>.data._ftable</name>
         <load_address>0x20200000</load_address>
         <run_address>0x20200000</run_address>
         <size>0xf0</size>
         <input_file_ref idref="fl-2b"/>
      </object_component>
      <object_component id="oc-137">
         <name>.data.__TI_ft_end</name>
         <load_address>0x20200210</load_address>
         <run_address>0x20200210</run_address>
         <size>0x4</size>
         <input_file_ref idref="fl-2b"/>
      </object_component>
      <object_component id="oc-1d6">
         <name>.data.memory_is_initialized</name>
         <load_address>0x2020022c</load_address>
         <run_address>0x2020022c</run_address>
         <size>0x1</size>
         <input_file_ref idref="fl-2c"/>
      </object_component>
      <object_component id="oc-130">
         <name>.data._device</name>
         <load_address>0x202000f0</load_address>
         <run_address>0x202000f0</run_address>
         <size>0x78</size>
         <input_file_ref idref="fl-72"/>
      </object_component>
      <object_component id="oc-1c0">
         <name>.data._stream</name>
         <load_address>0x20200168</load_address>
         <run_address>0x20200168</run_address>
         <size>0x50</size>
         <input_file_ref idref="fl-72"/>
      </object_component>
      <object_component id="oc-1bf">
         <name>.data.open.stream_init</name>
         <load_address>0x20200230</load_address>
         <run_address>0x20200230</run_address>
         <size>0x1</size>
         <input_file_ref idref="fl-74"/>
      </object_component>
      <object_component id="oc-12f">
         <name>.data.add_device.device_init</name>
         <load_address>0x20200228</load_address>
         <run_address>0x20200228</run_address>
         <size>0x1</size>
         <input_file_ref idref="fl-76"/>
      </object_component>
      <object_component id="oc-125">
         <name>.bss._ZL8ColStart</name>
         <uninitialized>true</uninitialized>
         <run_address>0x2020061c</run_address>
         <size>0x1</size>
         <input_file_ref idref="fl-7"/>
      </object_component>
      <object_component id="oc-126">
         <name>.bss._ZL8RowStart</name>
         <uninitialized>true</uninitialized>
         <run_address>0x2020061d</run_address>
         <size>0x1</size>
         <input_file_ref idref="fl-7"/>
      </object_component>
      <object_component id="oc-128">
         <name>.bss._ZL8TabColor</name>
         <uninitialized>true</uninitialized>
         <run_address>0x2020061e</run_address>
         <size>0x1</size>
         <input_file_ref idref="fl-7"/>
      </object_component>
      <object_component id="oc-fe">
         <name>.bss.Message</name>
         <uninitialized>true</uninitialized>
         <run_address>0x202005f8</run_address>
         <size>0xc</size>
         <input_file_ref idref="fl-7"/>
      </object_component>
      <object_component id="oc-fd">
         <name>.bss.Messageindex</name>
         <uninitialized>true</uninitialized>
         <run_address>0x2020060c</run_address>
         <size>0x4</size>
         <input_file_ref idref="fl-7"/>
      </object_component>
      <object_component id="oc-69">
         <name>.bss.TExaSLogic</name>
         <uninitialized>true</uninitialized>
         <run_address>0x20200610</run_address>
         <size>0x4</size>
         <input_file_ref idref="fl-c"/>
      </object_component>
      <object_component id="oc-68">
         <name>.bss.TExaSadc</name>
         <uninitialized>true</uninitialized>
         <run_address>0x20200614</run_address>
         <size>0x4</size>
         <input_file_ref idref="fl-c"/>
      </object_component>
      <object_component id="oc-1d4">
         <name>.bss.sys_free</name>
         <uninitialized>true</uninitialized>
         <run_address>0x20200618</run_address>
         <size>0x4</size>
         <input_file_ref idref="fl-2c"/>
      </object_component>
      <object_component id="oc-1d7">
         <name>.bss:_CIOBUF_</name>
         <uninitialized>true</uninitialized>
         <run_address>0x20200438</run_address>
         <size>0x120</size>
         <input_file_ref idref="fl-7f"/>
      </object_component>
      <object_component id="oc-194">
         <name>.common:__TI_tmpnams</name>
         <uninitialized>true</uninitialized>
         <run_address>0x20200558</run_address>
         <size>0xa0</size>
      </object_component>
      <object_component id="oc-1a7">
         <name>.common:parmbuf</name>
         <uninitialized>true</uninitialized>
         <run_address>0x20200604</run_address>
         <size>0x8</size>
      </object_component>
      <object_component id="oc-27">
         <name>.sysmem</name>
         <uninitialized>true</uninitialized>
         <run_address>0x20200238</run_address>
         <size>0x10</size>
         <input_file_ref idref="fl-2c"/>
      </object_component>
      <object_component id="oc-220">
         <name>.sysmem</name>
         <uninitialized>true</uninitialized>
         <run_address>0x20200238</run_address>
         <size>0x0</size>
      </object_component>
      <object_component id="oc-1a">
         <name>.stack</name>
         <uninitialized>true</uninitialized>
         <run_address>0x20207e00</run_address>
         <size>0x4</size>
         <input_file_ref idref="fl-30"/>
      </object_component>
      <object_component id="oc-21f">
         <name>.stack</name>
         <uninitialized>true</uninitialized>
         <run_address>0x20207e00</run_address>
         <size>0x0</size>
      </object_component>
      <object_component id="oc-fa">
         <name>.debug_abbrev</name>
         <load_address>0x0</load_address>
         <run_address>0x0</run_address>
         <size>0x195</size>
         <input_file_ref idref="fl-1"/>
      </object_component>
      <object_component id="oc-6c">
         <name>.debug_abbrev</name>
         <load_address>0x195</load_address>
         <run_address>0x195</run_address>
         <size>0x1d6</size>
         <input_file_ref idref="fl-4"/>
      </object_component>
      <object_component id="oc-ce">
         <name>.debug_abbrev</name>
         <load_address>0x36b</load_address>
         <run_address>0x36b</run_address>
         <size>0x111</size>
         <input_file_ref idref="fl-5"/>
      </object_component>
      <object_component id="oc-15d">
         <name>.debug_abbrev</name>
         <load_address>0x47c</load_address>
         <run_address>0x47c</run_address>
         <size>0xdf</size>
         <input_file_ref idref="fl-6"/>
      </object_component>
      <object_component id="oc-ea">
         <name>.debug_abbrev</name>
         <load_address>0x55b</load_address>
         <run_address>0x55b</run_address>
         <size>0x16d</size>
         <input_file_ref idref="fl-7"/>
      </object_component>
      <object_component id="oc-117">
         <name>.debug_abbrev</name>
         <load_address>0x6c8</load_address>
         <run_address>0x6c8</run_address>
         <size>0x15a</size>
         <input_file_ref idref="fl-8"/>
      </object_component>
      <object_component id="oc-66">
         <name>.debug_abbrev</name>
         <load_address>0x822</load_address>
         <run_address>0x822</run_address>
         <size>0x8f</size>
         <input_file_ref idref="fl-a"/>
      </object_component>
      <object_component id="oc-6a">
         <name>.debug_abbrev</name>
         <load_address>0x8b1</load_address>
         <run_address>0x8b1</run_address>
         <size>0x141</size>
         <input_file_ref idref="fl-c"/>
      </object_component>
      <object_component id="oc-3e">
         <name>.debug_abbrev</name>
         <load_address>0x9f2</load_address>
         <run_address>0x9f2</run_address>
         <size>0x6d</size>
         <input_file_ref idref="fl-f"/>
      </object_component>
      <object_component id="oc-138">
         <name>.debug_abbrev</name>
         <load_address>0xa5f</load_address>
         <run_address>0xa5f</run_address>
         <size>0x13d</size>
         <input_file_ref idref="fl-27"/>
      </object_component>
      <object_component id="oc-144">
         <name>.debug_abbrev</name>
         <load_address>0xb9c</load_address>
         <run_address>0xb9c</run_address>
         <size>0x9c</size>
         <input_file_ref idref="fl-28"/>
      </object_component>
      <object_component id="oc-10b">
         <name>.debug_abbrev</name>
         <load_address>0xc38</load_address>
         <run_address>0xc38</run_address>
         <size>0xb3</size>
         <input_file_ref idref="fl-29"/>
      </object_component>
      <object_component id="oc-157">
         <name>.debug_abbrev</name>
         <load_address>0xceb</load_address>
         <run_address>0xceb</run_address>
         <size>0x73</size>
         <input_file_ref idref="fl-2a"/>
      </object_component>
      <object_component id="oc-147">
         <name>.debug_abbrev</name>
         <load_address>0xd5e</load_address>
         <run_address>0xd5e</run_address>
         <size>0x77</size>
         <input_file_ref idref="fl-2b"/>
      </object_component>
      <object_component id="oc-61">
         <name>.debug_abbrev</name>
         <load_address>0xdd5</load_address>
         <run_address>0xdd5</run_address>
         <size>0x220</size>
         <input_file_ref idref="fl-2c"/>
      </object_component>
      <object_component id="oc-70">
         <name>.debug_abbrev</name>
         <load_address>0xff5</load_address>
         <run_address>0xff5</run_address>
         <size>0xcb</size>
         <input_file_ref idref="fl-2d"/>
      </object_component>
      <object_component id="oc-4d">
         <name>.debug_abbrev</name>
         <load_address>0x10c0</load_address>
         <run_address>0x10c0</run_address>
         <size>0x70</size>
         <input_file_ref idref="fl-2e"/>
      </object_component>
      <object_component id="oc-45">
         <name>.debug_abbrev</name>
         <load_address>0x1130</load_address>
         <run_address>0x1130</run_address>
         <size>0x9c</size>
         <input_file_ref idref="fl-2f"/>
      </object_component>
      <object_component id="oc-40">
         <name>.debug_abbrev</name>
         <load_address>0x11cc</load_address>
         <run_address>0x11cc</run_address>
         <size>0xaf</size>
         <input_file_ref idref="fl-30"/>
      </object_component>
      <object_component id="oc-195">
         <name>.debug_abbrev</name>
         <load_address>0x127b</load_address>
         <run_address>0x127b</run_address>
         <size>0xa4</size>
         <input_file_ref idref="fl-33"/>
      </object_component>
      <object_component id="oc-1c8">
         <name>.debug_abbrev</name>
         <load_address>0x131f</load_address>
         <run_address>0x131f</run_address>
         <size>0xb2</size>
         <input_file_ref idref="fl-34"/>
      </object_component>
      <object_component id="oc-111">
         <name>.debug_abbrev</name>
         <load_address>0x13d1</load_address>
         <run_address>0x13d1</run_address>
         <size>0x186</size>
         <input_file_ref idref="fl-36"/>
      </object_component>
      <object_component id="oc-8e">
         <name>.debug_abbrev</name>
         <load_address>0x1557</load_address>
         <run_address>0x1557</run_address>
         <size>0x39</size>
         <input_file_ref idref="fl-37"/>
      </object_component>
      <object_component id="oc-1da">
         <name>.debug_abbrev</name>
         <load_address>0x1590</load_address>
         <run_address>0x1590</run_address>
         <size>0x77</size>
         <input_file_ref idref="fl-71"/>
      </object_component>
      <object_component id="oc-17f">
         <name>.debug_abbrev</name>
         <load_address>0x1607</load_address>
         <run_address>0x1607</run_address>
         <size>0x99</size>
         <input_file_ref idref="fl-72"/>
      </object_component>
      <object_component id="oc-1d1">
         <name>.debug_abbrev</name>
         <load_address>0x16a0</load_address>
         <run_address>0x16a0</run_address>
         <size>0x64</size>
         <input_file_ref idref="fl-73"/>
      </object_component>
      <object_component id="oc-1c1">
         <name>.debug_abbrev</name>
         <load_address>0x1704</load_address>
         <run_address>0x1704</run_address>
         <size>0xfd</size>
         <input_file_ref idref="fl-74"/>
      </object_component>
      <object_component id="oc-1ca">
         <name>.debug_abbrev</name>
         <load_address>0x1801</load_address>
         <run_address>0x1801</run_address>
         <size>0x6b</size>
         <input_file_ref idref="fl-75"/>
      </object_component>
      <object_component id="oc-132">
         <name>.debug_abbrev</name>
         <load_address>0x186c</load_address>
         <run_address>0x186c</run_address>
         <size>0x14d</size>
         <input_file_ref idref="fl-76"/>
      </object_component>
      <object_component id="oc-1dd">
         <name>.debug_abbrev</name>
         <load_address>0x19b9</load_address>
         <run_address>0x19b9</run_address>
         <size>0xd4</size>
         <input_file_ref idref="fl-77"/>
      </object_component>
      <object_component id="oc-1ab">
         <name>.debug_abbrev</name>
         <load_address>0x1a8d</load_address>
         <run_address>0x1a8d</run_address>
         <size>0x81</size>
         <input_file_ref idref="fl-78"/>
      </object_component>
      <object_component id="oc-1b4">
         <name>.debug_abbrev</name>
         <load_address>0x1b0e</load_address>
         <run_address>0x1b0e</run_address>
         <size>0x81</size>
         <input_file_ref idref="fl-79"/>
      </object_component>
      <object_component id="oc-1a8">
         <name>.debug_abbrev</name>
         <load_address>0x1b8f</load_address>
         <run_address>0x1b8f</run_address>
         <size>0x107</size>
         <input_file_ref idref="fl-7a"/>
      </object_component>
      <object_component id="oc-1ae">
         <name>.debug_abbrev</name>
         <load_address>0x1c96</load_address>
         <run_address>0x1c96</run_address>
         <size>0x88</size>
         <input_file_ref idref="fl-7b"/>
      </object_component>
      <object_component id="oc-1bc">
         <name>.debug_abbrev</name>
         <load_address>0x1d1e</load_address>
         <run_address>0x1d1e</run_address>
         <size>0x10e</size>
         <input_file_ref idref="fl-7c"/>
      </object_component>
      <object_component id="oc-1b7">
         <name>.debug_abbrev</name>
         <load_address>0x1e2c</load_address>
         <run_address>0x1e2c</run_address>
         <size>0xdb</size>
         <input_file_ref idref="fl-7d"/>
      </object_component>
      <object_component id="oc-1b1">
         <name>.debug_abbrev</name>
         <load_address>0x1f07</load_address>
         <run_address>0x1f07</run_address>
         <size>0x8f</size>
         <input_file_ref idref="fl-7e"/>
      </object_component>
      <object_component id="oc-1d8">
         <name>.debug_abbrev</name>
         <load_address>0x1f96</load_address>
         <run_address>0x1f96</run_address>
         <size>0xc9</size>
         <input_file_ref idref="fl-7f"/>
      </object_component>
      <object_component id="oc-6f">
         <name>.debug_abbrev</name>
         <load_address>0x205f</load_address>
         <run_address>0x205f</run_address>
         <size>0x27</size>
         <input_file_ref idref="fl-86"/>
      </object_component>
      <object_component id="oc-8d">
         <name>.debug_abbrev</name>
         <load_address>0x2086</load_address>
         <run_address>0x2086</run_address>
         <size>0x27</size>
         <input_file_ref idref="fl-87"/>
      </object_component>
      <object_component id="oc-152">
         <name>.debug_abbrev</name>
         <load_address>0x20ad</load_address>
         <run_address>0x20ad</run_address>
         <size>0x27</size>
         <input_file_ref idref="fl-88"/>
      </object_component>
      <object_component id="oc-19b">
         <name>.debug_abbrev</name>
         <load_address>0x20d4</load_address>
         <run_address>0x20d4</run_address>
         <size>0x59</size>
         <input_file_ref idref="fl-89"/>
      </object_component>
      <object_component id="oc-15f">
         <name>.debug_abbrev</name>
         <load_address>0x212d</load_address>
         <run_address>0x212d</run_address>
         <size>0x172</size>
         <input_file_ref idref="fl-8a"/>
      </object_component>
      <object_component id="oc-c5">
         <name>.debug_abbrev</name>
         <load_address>0x229f</load_address>
         <run_address>0x229f</run_address>
         <size>0x25</size>
         <input_file_ref idref="fl-8b"/>
      </object_component>
      <object_component id="oc-119">
         <name>.debug_abbrev</name>
         <load_address>0x22c4</load_address>
         <run_address>0x22c4</run_address>
         <size>0x25</size>
         <input_file_ref idref="fl-8c"/>
      </object_component>
      <object_component id="oc-222">
         <name>.debug_abbrev</name>
         <load_address>0x22e9</load_address>
         <run_address>0x22e9</run_address>
         <size>0xf</size>
      </object_component>
      <object_component id="oc-9f">
         <name>.debug_info</name>
         <load_address>0x0</load_address>
         <run_address>0x0</run_address>
         <size>0x230d</size>
         <input_file_ref idref="fl-1"/>
      </object_component>
      <object_component id="oc-3b">
         <name>.debug_info</name>
         <load_address>0x230d</load_address>
         <run_address>0x230d</run_address>
         <size>0x1527</size>
         <input_file_ref idref="fl-4"/>
      </object_component>
      <object_component id="oc-92">
         <name>.debug_info</name>
         <load_address>0x3834</load_address>
         <run_address>0x3834</run_address>
         <size>0x876</size>
         <input_file_ref idref="fl-5"/>
      </object_component>
      <object_component id="oc-120">
         <name>.debug_info</name>
         <load_address>0x40aa</load_address>
         <run_address>0x40aa</run_address>
         <size>0xb9e</size>
         <input_file_ref idref="fl-6"/>
      </object_component>
      <object_component id="oc-97">
         <name>.debug_info</name>
         <load_address>0x4c48</load_address>
         <run_address>0x4c48</run_address>
         <size>0x1b5a</size>
         <input_file_ref idref="fl-7"/>
      </object_component>
      <object_component id="oc-c0">
         <name>.debug_info</name>
         <load_address>0x67a2</load_address>
         <run_address>0x67a2</run_address>
         <size>0x81d</size>
         <input_file_ref idref="fl-8"/>
      </object_component>
      <object_component id="oc-30">
         <name>.debug_info</name>
         <load_address>0x6fbf</load_address>
         <run_address>0x6fbf</run_address>
         <size>0x1b5</size>
         <input_file_ref idref="fl-a"/>
      </object_component>
      <object_component id="oc-35">
         <name>.debug_info</name>
         <load_address>0x7174</load_address>
         <run_address>0x7174</run_address>
         <size>0x191b</size>
         <input_file_ref idref="fl-c"/>
      </object_component>
      <object_component id="oc-19">
         <name>.debug_info</name>
         <load_address>0x8a8f</load_address>
         <run_address>0x8a8f</run_address>
         <size>0x94</size>
         <input_file_ref idref="fl-f"/>
      </object_component>
      <object_component id="oc-d8">
         <name>.debug_info</name>
         <load_address>0x8b23</load_address>
         <run_address>0x8b23</run_address>
         <size>0x2ae</size>
         <input_file_ref idref="fl-27"/>
      </object_component>
      <object_component id="oc-dd">
         <name>.debug_info</name>
         <load_address>0x8dd1</load_address>
         <run_address>0x8dd1</run_address>
         <size>0x148</size>
         <input_file_ref idref="fl-28"/>
      </object_component>
      <object_component id="oc-a8">
         <name>.debug_info</name>
         <load_address>0x8f19</load_address>
         <run_address>0x8f19</run_address>
         <size>0xed</size>
         <input_file_ref idref="fl-29"/>
      </object_component>
      <object_component id="oc-10e">
         <name>.debug_info</name>
         <load_address>0x9006</load_address>
         <run_address>0x9006</run_address>
         <size>0xaa</size>
         <input_file_ref idref="fl-2a"/>
      </object_component>
      <object_component id="oc-e9">
         <name>.debug_info</name>
         <load_address>0x90b0</load_address>
         <run_address>0x90b0</run_address>
         <size>0x132</size>
         <input_file_ref idref="fl-2b"/>
      </object_component>
      <object_component id="oc-28">
         <name>.debug_info</name>
         <load_address>0x91e2</load_address>
         <run_address>0x91e2</run_address>
         <size>0xa4b</size>
         <input_file_ref idref="fl-2c"/>
      </object_component>
      <object_component id="oc-51">
         <name>.debug_info</name>
         <load_address>0x9c2d</load_address>
         <run_address>0x9c2d</run_address>
         <size>0x190</size>
         <input_file_ref idref="fl-2d"/>
      </object_component>
      <object_component id="oc-22">
         <name>.debug_info</name>
         <load_address>0x9dbd</load_address>
         <run_address>0x9dbd</run_address>
         <size>0xc6</size>
         <input_file_ref idref="fl-2e"/>
      </object_component>
      <object_component id="oc-1d">
         <name>.debug_info</name>
         <load_address>0x9e83</load_address>
         <run_address>0x9e83</run_address>
         <size>0x17a</size>
         <input_file_ref idref="fl-2f"/>
      </object_component>
      <object_component id="oc-1b">
         <name>.debug_info</name>
         <load_address>0x9ffd</load_address>
         <run_address>0x9ffd</run_address>
         <size>0x423</size>
         <input_file_ref idref="fl-30"/>
      </object_component>
      <object_component id="oc-13d">
         <name>.debug_info</name>
         <load_address>0xa420</load_address>
         <run_address>0xa420</run_address>
         <size>0x18a</size>
         <input_file_ref idref="fl-33"/>
      </object_component>
      <object_component id="oc-187">
         <name>.debug_info</name>
         <load_address>0xa5aa</load_address>
         <run_address>0xa5aa</run_address>
         <size>0x17f</size>
         <input_file_ref idref="fl-34"/>
      </object_component>
      <object_component id="oc-b1">
         <name>.debug_info</name>
         <load_address>0xa729</load_address>
         <run_address>0xa729</run_address>
         <size>0x792</size>
         <input_file_ref idref="fl-36"/>
      </object_component>
      <object_component id="oc-79">
         <name>.debug_info</name>
         <load_address>0xaebb</load_address>
         <run_address>0xaebb</run_address>
         <size>0x46</size>
         <input_file_ref idref="fl-37"/>
      </object_component>
      <object_component id="oc-1c5">
         <name>.debug_info</name>
         <load_address>0xaf01</load_address>
         <run_address>0xaf01</run_address>
         <size>0x9f</size>
         <input_file_ref idref="fl-71"/>
      </object_component>
      <object_component id="oc-131">
         <name>.debug_info</name>
         <load_address>0xafa0</load_address>
         <run_address>0xafa0</run_address>
         <size>0x1f1</size>
         <input_file_ref idref="fl-72"/>
      </object_component>
      <object_component id="oc-191">
         <name>.debug_info</name>
         <load_address>0xb191</load_address>
         <run_address>0xb191</run_address>
         <size>0x71</size>
         <input_file_ref idref="fl-73"/>
      </object_component>
      <object_component id="oc-185">
         <name>.debug_info</name>
         <load_address>0xb202</load_address>
         <run_address>0xb202</run_address>
         <size>0x28b</size>
         <input_file_ref idref="fl-74"/>
      </object_component>
      <object_component id="oc-18d">
         <name>.debug_info</name>
         <load_address>0xb48d</load_address>
         <run_address>0xb48d</run_address>
         <size>0x7b</size>
         <input_file_ref idref="fl-75"/>
      </object_component>
      <object_component id="oc-d3">
         <name>.debug_info</name>
         <load_address>0xb508</load_address>
         <run_address>0xb508</run_address>
         <size>0x30c</size>
         <input_file_ref idref="fl-76"/>
      </object_component>
      <object_component id="oc-1d0">
         <name>.debug_info</name>
         <load_address>0xb814</load_address>
         <run_address>0xb814</run_address>
         <size>0x201</size>
         <input_file_ref idref="fl-77"/>
      </object_component>
      <object_component id="oc-168">
         <name>.debug_info</name>
         <load_address>0xba15</load_address>
         <run_address>0xba15</run_address>
         <size>0xc1</size>
         <input_file_ref idref="fl-78"/>
      </object_component>
      <object_component id="oc-174">
         <name>.debug_info</name>
         <load_address>0xbad6</load_address>
         <run_address>0xbad6</run_address>
         <size>0xea</size>
         <input_file_ref idref="fl-79"/>
      </object_component>
      <object_component id="oc-162">
         <name>.debug_info</name>
         <load_address>0xbbc0</load_address>
         <run_address>0xbbc0</run_address>
         <size>0x181</size>
         <input_file_ref idref="fl-7a"/>
      </object_component>
      <object_component id="oc-16a">
         <name>.debug_info</name>
         <load_address>0xbd41</load_address>
         <run_address>0xbd41</run_address>
         <size>0xf2</size>
         <input_file_ref idref="fl-7b"/>
      </object_component>
      <object_component id="oc-17d">
         <name>.debug_info</name>
         <load_address>0xbe33</load_address>
         <run_address>0xbe33</run_address>
         <size>0x1f2</size>
         <input_file_ref idref="fl-7c"/>
      </object_component>
      <object_component id="oc-176">
         <name>.debug_info</name>
         <load_address>0xc025</load_address>
         <run_address>0xc025</run_address>
         <size>0x137</size>
         <input_file_ref idref="fl-7d"/>
      </object_component>
      <object_component id="oc-170">
         <name>.debug_info</name>
         <load_address>0xc15c</load_address>
         <run_address>0xc15c</run_address>
         <size>0xfc</size>
         <input_file_ref idref="fl-7e"/>
      </object_component>
      <object_component id="oc-1a5">
         <name>.debug_info</name>
         <load_address>0xc258</load_address>
         <run_address>0xc258</run_address>
         <size>0x16c</size>
         <input_file_ref idref="fl-7f"/>
      </object_component>
      <object_component id="oc-4c">
         <name>.debug_info</name>
         <load_address>0xc3c4</load_address>
         <run_address>0xc3c4</run_address>
         <size>0x1a1</size>
         <input_file_ref idref="fl-86"/>
      </object_component>
      <object_component id="oc-74">
         <name>.debug_info</name>
         <load_address>0xc565</load_address>
         <run_address>0xc565</run_address>
         <size>0x1c1</size>
         <input_file_ref idref="fl-87"/>
      </object_component>
      <object_component id="oc-f5">
         <name>.debug_info</name>
         <load_address>0xc726</load_address>
         <run_address>0xc726</run_address>
         <size>0x1c4</size>
         <input_file_ref idref="fl-88"/>
      </object_component>
      <object_component id="oc-150">
         <name>.debug_info</name>
         <load_address>0xc8ea</load_address>
         <run_address>0xc8ea</run_address>
         <size>0x85</size>
         <input_file_ref idref="fl-89"/>
      </object_component>
      <object_component id="oc-12d">
         <name>.debug_info</name>
         <load_address>0xc96f</load_address>
         <run_address>0xc96f</run_address>
         <size>0x3cf</size>
         <input_file_ref idref="fl-8a"/>
      </object_component>
      <object_component id="oc-89">
         <name>.debug_info</name>
         <load_address>0xcd3e</load_address>
         <run_address>0xcd3e</run_address>
         <size>0x2f1</size>
         <input_file_ref idref="fl-8b"/>
      </object_component>
      <object_component id="oc-c9">
         <name>.debug_info</name>
         <load_address>0xd02f</load_address>
         <run_address>0xd02f</run_address>
         <size>0x23b</size>
         <input_file_ref idref="fl-8c"/>
      </object_component>
      <object_component id="oc-221">
         <name>.debug_info</name>
         <load_address>0xd26a</load_address>
         <run_address>0xd26a</run_address>
         <size>0xfe</size>
      </object_component>
      <object_component id="oc-a1">
         <name>.debug_ranges</name>
         <load_address>0x0</load_address>
         <run_address>0x0</run_address>
         <size>0x58</size>
         <input_file_ref idref="fl-1"/>
      </object_component>
      <object_component id="oc-3a">
         <name>.debug_ranges</name>
         <load_address>0x58</load_address>
         <run_address>0x58</run_address>
         <size>0x68</size>
         <input_file_ref idref="fl-4"/>
      </object_component>
      <object_component id="oc-93">
         <name>.debug_ranges</name>
         <load_address>0xc0</load_address>
         <run_address>0xc0</run_address>
         <size>0x58</size>
         <input_file_ref idref="fl-5"/>
      </object_component>
      <object_component id="oc-11d">
         <name>.debug_ranges</name>
         <load_address>0x118</load_address>
         <run_address>0x118</run_address>
         <size>0x28</size>
         <input_file_ref idref="fl-6"/>
      </object_component>
      <object_component id="oc-98">
         <name>.debug_ranges</name>
         <load_address>0x140</load_address>
         <run_address>0x140</run_address>
         <size>0x1f8</size>
         <input_file_ref idref="fl-7"/>
      </object_component>
      <object_component id="oc-c3">
         <name>.debug_ranges</name>
         <load_address>0x338</load_address>
         <run_address>0x338</run_address>
         <size>0x50</size>
         <input_file_ref idref="fl-8"/>
      </object_component>
      <object_component id="oc-33">
         <name>.debug_ranges</name>
         <load_address>0x388</load_address>
         <run_address>0x388</run_address>
         <size>0x68</size>
         <input_file_ref idref="fl-a"/>
      </object_component>
      <object_component id="oc-36">
         <name>.debug_ranges</name>
         <load_address>0x3f0</load_address>
         <run_address>0x3f0</run_address>
         <size>0x68</size>
         <input_file_ref idref="fl-c"/>
      </object_component>
      <object_component id="oc-2a">
         <name>.debug_ranges</name>
         <load_address>0x458</load_address>
         <run_address>0x458</run_address>
         <size>0x20</size>
         <input_file_ref idref="fl-f"/>
      </object_component>
      <object_component id="oc-da">
         <name>.debug_ranges</name>
         <load_address>0x478</load_address>
         <run_address>0x478</run_address>
         <size>0x28</size>
         <input_file_ref idref="fl-27"/>
      </object_component>
      <object_component id="oc-a7">
[...]
         <object_component_ref idref="oc-a3"/>
      </symbol>
      <symbol id="sm-fc">
         <name>_Z17ST7735_FillScreent</name>
         <value>0x1bb5</value>
         <object_component_ref idref="oc-9b"/>
      </symbol>
      <symbol id="sm-fd">
         <name>StTextColor</name>
         <value>0x2020021c</value>
         <object_component_ref idref="oc-f3"/>
      </symbol>
      <symbol id="sm-fe">
         <name>StX</name>
         <value>0x20200208</value>
         <object_component_ref idref="oc-f1"/>
      </symbol>
      <symbol id="sm-ff">
         <name>StY</name>
         <value>0x2020020c</value>
         <object_component_ref idref="oc-f2"/>
      </symbol>
      <symbol id="sm-100">
         <name>_Z15ST7735_FillRectsssst</name>
         <value>0x68d</value>
         <object_component_ref idref="oc-ec"/>
      </symbol>
      <symbol id="sm-101">
         <name>_Z12ST7735_InitR10initRFlags</name>
         <value>0xf35</value>
         <object_component_ref idref="oc-d0"/>
      </symbol>
      <symbol id="sm-102">
         <name>_Z16ST7735_DrawPixelsst</name>
         <value>0x12d9</value>
         <object_component_ref idref="oc-14b"/>
      </symbol>
      <symbol id="sm-103">
         <name>_Z16ST7735_DrawCharSsscssh</name>
         <value>0x275</value>
         <object_component_ref idref="oc-f0"/>
      </symbol>
      <symbol id="sm-104">
         <name>_Z17ST7735_DrawStringttPcs</name>
         <value>0x10d9</value>
         <object_component_ref idref="oc-ef"/>
      </symbol>
      <symbol id="sm-105">
         <name>_Z11fillmessagej</name>
         <value>0x165d</value>
         <object_component_ref idref="oc-fc"/>
      </symbol>
      <symbol id="sm-106">
         <name>Messageindex</name>
         <value>0x2020060c</value>
         <object_component_ref idref="oc-fd"/>
      </symbol>
      <symbol id="sm-107">
         <name>Message</name>
         <value>0x202005f8</value>
         <object_component_ref idref="oc-fe"/>
      </symbol>
      <symbol id="sm-108">
         <name>_Z14ST7735_OutUDecj</name>
         <value>0x1055</value>
         <object_component_ref idref="oc-a4"/>
      </symbol>
      <symbol id="sm-109">
         <name>_Z14ST7735_OutCharc</name>
         <value>0xc7d</value>
         <object_component_ref idref="oc-9d"/>
      </symbol>
      <symbol id="sm-10a">
         <name>_Z16ST7735_OutStringPc</name>
         <value>0x1cad</value>
         <object_component_ref idref="oc-9c"/>
      </symbol>
      <symbol id="sm-10b">
         <name>_Z11ST7735_openPKcji</name>
         <value>0x1d41</value>
         <object_component_ref idref="oc-e6"/>
      </symbol>
      <symbol id="sm-10c">
         <name>_Z12ST7735_closei</name>
         <value>0x1e29</value>
         <object_component_ref idref="oc-e7"/>
      </symbol>
      <symbol id="sm-10d">
         <name>_Z11ST7735_readiPcj</name>
         <value>0x1d57</value>
         <object_component_ref idref="oc-e4"/>
      </symbol>
      <symbol id="sm-10e">
         <name>_Z12ST7735_writeiPKcj</name>
         <value>0x19e5</value>
         <object_component_ref idref="oc-e3"/>
      </symbol>
      <symbol id="sm-10f">
         <name>_Z12ST7735_lseekili</name>
         <value>0x1dcb</value>
         <object_component_ref idref="oc-e2"/>
      </symbol>
      <symbol id="sm-110">
         <name>_Z13ST7735_unlinkPKc</name>
         <value>0x1e33</value>
         <object_component_ref idref="oc-e1"/>
      </symbol>
      <symbol id="sm-111">
         <name>_Z13ST7735_renamePKcS0_</name>
         <value>0x1e11</value>
         <object_component_ref idref="oc-e0"/>
      </symbol>
      <symbol id="sm-112">
         <name>_Z17ST7735_InitPrintfv</name>
         <value>0xe99</value>
         <object_component_ref idref="oc-96"/>
      </symbol>
      <symbol id="sm-11b">
         <name>_ZN8SlidePotC2Ejj</name>
         <value>0x1d6d</value>
         <object_component_ref idref="oc-bf"/>
      </symbol>
      <symbol id="sm-11c">
         <name>_ZN8SlidePotC1Ejj</name>
         <value>0x1d6d</value>
         <object_component_ref idref="oc-bf"/>
      </symbol>
      <symbol id="sm-126">
         <name>SysTick_Handler</name>
         <value>0xe97</value>
         <object_component_ref idref="oc-2f"/>
      </symbol>
      <symbol id="sm-131">
         <name>TIMG7_IRQHandler</name>
         <value>0x187d</value>
         <object_component_ref idref="oc-34"/>
      </symbol>
      <symbol id="sm-132">
         <name>TExaSadc</name>
         <value>0x20200614</value>
         <object_component_ref idref="oc-68"/>
      </symbol>
      <symbol id="sm-133">
         <name>TExaSLogic</name>
         <value>0x20200610</value>
         <object_component_ref idref="oc-69"/>
      </symbol>
      <symbol id="sm-142">
         <name>Default_Handler</name>
         <value>0x1e61</value>
         <object_component_ref idref="oc-2d"/>
      </symbol>
      <symbol id="sm-143">
         <name>Reset_Handler</name>
         <value>0x1e69</value>
         <object_component_ref idref="oc-29"/>
      </symbol>
      <symbol id="sm-144">
         <name>HardFault_Handler</name>
         <value>0x1e65</value>
         <object_component_ref idref="oc-2e"/>
      </symbol>
      <symbol id="sm-145">
         <name>interruptVectors</name>
         <value>0x0</value>
         <object_component_ref idref="oc-18"/>
      </symbol>
      <symbol id="sm-146">
         <name>NMI_Handler</name>
         <value>0x1e61</value>
         <object_component_ref idref="oc-2d"/>
      </symbol>
      <symbol id="sm-147">
         <name>SVC_Handler</name>
         <value>0x1e61</value>
         <object_component_ref idref="oc-2d"/>
      </symbol>
      <symbol id="sm-148">
         <name>PendSV_Handler</name>
         <value>0x1e61</value>
         <object_component_ref idref="oc-2d"/>
      </symbol>
      <symbol id="sm-149">
         <name>GROUP0_IRQHandler</name>
         <value>0x1e61</value>
         <object_component_ref idref="oc-2d"/>
      </symbol>
      <symbol id="sm-14a">
         <name>GROUP1_IRQHandler</name>
         <value>0x1e61</value>
         <object_component_ref idref="oc-2d"/>
      </symbol>
      <symbol id="sm-14b">
         <name>TIMG8_IRQHandler</name>
         <value>0x1e61</value>
         <object_component_ref idref="oc-2d"/>
      </symbol>
      <symbol id="sm-14c">
         <name>UART3_IRQHandler</name>
         <value>0x1e61</value>
         <object_component_ref idref="oc-2d"/>
      </symbol>
      <symbol id="sm-14d">
         <name>ADC0_IRQHandler</name>
         <value>0x1e61</value>
         <object_component_ref idref="oc-2d"/>
      </symbol>
      <symbol id="sm-14e">
         <name>ADC1_IRQHandler</name>
         <value>0x1e61</value>
         <object_component_ref idref="oc-2d"/>
      </symbol>
      <symbol id="sm-14f">
         <name>CANFD0_IRQHandler</name>
         <value>0x1e61</value>
         <object_component_ref idref="oc-2d"/>
      </symbol>
      <symbol id="sm-150">
         <name>DAC0_IRQHandler</name>
         <value>0x1e61</value>
         <object_component_ref idref="oc-2d"/>
      </symbol>
      <symbol id="sm-151">
         <name>SPI0_IRQHandler</name>
         <value>0x1e61</value>
         <object_component_ref idref="oc-2d"/>
      </symbol>
      <symbol id="sm-152">
         <name>SPI1_IRQHandler</name>
         <value>0x1e61</value>
         <object_component_ref idref="oc-2d"/>
      </symbol>
      <symbol id="sm-153">
         <name>UART1_IRQHandler</name>
         <value>0x1e61</value>
         <object_component_ref idref="oc-2d"/>
      </symbol>
      <symbol id="sm-154">
         <name>UART2_IRQHandler</name>
         <value>0x1e61</value>
         <object_component_ref idref="oc-2d"/>
      </symbol>
      <symbol id="sm-155">
         <name>UART0_IRQHandler</name>
         <value>0x1e61</value>
         <object_component_ref idref="oc-2d"/>
      </symbol>
      <symbol id="sm-156">
         <name>TIMG0_IRQHandler</name>
         <value>0x1e61</value>
         <object_component_ref idref="oc-2d"/>
      </symbol>
      <symbol id="sm-157">
         <name>TIMG6_IRQHandler</name>
         <value>0x1e61</value>
         <object_component_ref idref="oc-2d"/>
      </symbol>
      <symbol id="sm-158">
         <name>TIMA0_IRQHandler</name>
         <value>0x1e61</value>
         <object_component_ref idref="oc-2d"/>
      </symbol>
      <symbol id="sm-159">
         <name>TIMA1_IRQHandler</name>
         <value>0x1e61</value>
         <object_component_ref idref="oc-2d"/>
      </symbol>
      <symbol id="sm-15a">
         <name>I2C0_IRQHandler</name>
         <value>0x1e61</value>
         <object_component_ref idref="oc-2d"/>
      </symbol>
      <symbol id="sm-15b">
         <name>I2C1_IRQHandler</name>
         <value>0x1e61</value>
         <object_component_ref idref="oc-2d"/>
      </symbol>
      <symbol id="sm-15c">
         <name>AES_IRQHandler</name>
         <value>0x1e61</value>
         <object_component_ref idref="oc-2d"/>
      </symbol>
      <symbol id="sm-15d">
         <name>RTC_IRQHandler</name>
         <value>0x1e61</value>
         <object_component_ref idref="oc-2d"/>
      </symbol>
      <symbol id="sm-15e">
         <name>DMA_IRQHandler</name>
         <value>0x1e61</value>
         <object_component_ref idref="oc-2d"/>
      </symbol>
      <symbol id="sm-175">
         <name>fopen</name>
         <value>0x115d</value>
         <object_component_ref idref="oc-d5"/>
      </symbol>
      <symbol id="sm-176">
         <name>__TI_cleanup</name>
         <value>0x1a81</value>
         <object_component_ref idref="oc-143"/>
      </symbol>
      <symbol id="sm-177">
         <name>freopen</name>
         <value>0x1b51</value>
         <object_component_ref idref="oc-db"/>
      </symbol>
      <symbol id="sm-181">
         <name>setvbuf</name>
         <value>0xb9d</value>
         <object_component_ref idref="oc-dc"/>
      </symbol>
      <symbol id="sm-18f">
         <name>abort</name>
         <value>0x1e71</value>
         <object_component_ref idref="oc-a6"/>
      </symbol>
      <symbol id="sm-190">
         <name>C$$EXIT</name>
         <value>0x1e70</value>
         <object_component_ref idref="oc-a6"/>
      </symbol>
      <symbol id="sm-191">
         <name>__TI_cleanup_ptr</name>
         <value>0x202001fc</value>
         <object_component_ref idref="oc-10f"/>
      </symbol>
      <symbol id="sm-192">
         <name>__TI_dtors_ptr</name>
         <value>0x20200200</value>
         <object_component_ref idref="oc-10f"/>
      </symbol>
      <symbol id="sm-193">
         <name>exit</name>
         <value>0x1b1d</value>
         <object_component_ref idref="oc-ab"/>
      </symbol>
      <symbol id="sm-19c">
         <name>_nop</name>
         <value>0x1e57</value>
         <object_component_ref idref="oc-153"/>
      </symbol>
      <symbol id="sm-19d">
         <name>_lock</name>
         <value>0x20200214</value>
         <object_component_ref idref="oc-10d"/>
      </symbol>
      <symbol id="sm-19e">
         <name>_unlock</name>
         <value>0x20200218</value>
         <object_component_ref idref="oc-110"/>
      </symbol>
      <symbol id="sm-1a3">
         <name>_ftable</name>
         <value>0x20200000</value>
         <object_component_ref idref="oc-e8"/>
      </symbol>
      <symbol id="sm-1a4">
         <name>__TI_ft_end</name>
         <value>0x20200210</value>
         <object_component_ref idref="oc-137"/>
      </symbol>
      <symbol id="sm-1a5">
         <name>__TI_tmpnams</name>
         <value>0x20200558</value>
      </symbol>
      <symbol id="sm-1c5">
         <name>malloc</name>
         <value>0x1e1d</value>
         <object_component_ref idref="oc-142"/>
      </symbol>
      <symbol id="sm-1c6">
         <name>aligned_alloc</name>
         <value>0x551</value>
         <object_component_ref idref="oc-199"/>
      </symbol>
      <symbol id="sm-1c7">
         <name>free</name>
         <value>0x8bd</value>
         <object_component_ref idref="oc-140"/>
      </symbol>
      <symbol id="sm-1c8">
         <name>_sys_memory</name>
         <value>0x20200238</value>
         <object_component_ref idref="oc-27"/>
      </symbol>
      <symbol id="sm-1c9">
         <name>memalign</name>
         <value>0x551</value>
         <object_component_ref idref="oc-199"/>
      </symbol>
      <symbol id="sm-1d3">
         <name>__TI_zero_init_nomemset</name>
         <value>0x1d83</value>
         <object_component_ref idref="oc-50"/>
      </symbol>
      <symbol id="sm-1dc">
         <name>__TI_decompress_none</name>
         <value>0x1da9</value>
         <object_component_ref idref="oc-20"/>
      </symbol>
      <symbol id="sm-1e7">
         <name>__TI_decompress_lzss</name>
         <value>0x1485</value>
         <object_component_ref idref="oc-1c"/>
      </symbol>
      <symbol id="sm-1f2">
         <name>_c_int00_noargs</name>
         <value>0x1c85</value>
         <object_component_ref idref="oc-59"/>
      </symbol>
      <symbol id="sm-1f3">
         <name>__stack</name>
         <value>0x20207e00</value>
         <object_component_ref idref="oc-1a"/>
      </symbol>
      <symbol id="sm-200">
         <name>__TI_closefile</name>
         <value>0x125d</value>
         <object_component_ref idref="oc-13a"/>
      </symbol>
      <symbol id="sm-20a">
         <name>__TI_doflush</name>
         <value>0x1705</value>
         <object_component_ref idref="oc-186"/>
      </symbol>
      <symbol id="sm-216">
         <name>__TI_auto_init_nobinit</name>
         <value>0x16b1</value>
         <object_component_ref idref="oc-b3"/>
      </symbol>
      <symbol id="sm-21e">
         <name>_system_pre_init</name>
         <value>0x1e6d</value>
         <object_component_ref idref="oc-76"/>
      </symbol>
      <symbol id="sm-229">
         <name>write</name>
         <value>0x1c5d</value>
         <object_component_ref idref="oc-1c4"/>
      </symbol>
      <symbol id="sm-22e">
         <name>_device</name>
         <value>0x202000f0</value>
         <object_component_ref idref="oc-130"/>
      </symbol>
      <symbol id="sm-22f">
         <name>_stream</name>
         <value>0x20200168</value>
         <object_component_ref idref="oc-1c0"/>
      </symbol>
      <symbol id="sm-238">
         <name>remove</name>
         <value>0x1e4f</value>
         <object_component_ref idref="oc-190"/>
      </symbol>
      <symbol id="sm-244">
         <name>open</name>
         <value>0xd4d</value>
         <object_component_ref idref="oc-182"/>
      </symbol>
      <symbol id="sm-24e">
         <name>close</name>
         <value>0x1755</value>
         <object_component_ref idref="oc-18c"/>
      </symbol>
      <symbol id="sm-25a">
         <name>add_device</name>
         <value>0xab5</value>
         <object_component_ref idref="oc-d1"/>
      </symbol>
      <symbol id="sm-264">
         <name>unlink</name>
         <value>0x1be1</value>
         <object_component_ref idref="oc-1cd"/>
      </symbol>
      <symbol id="sm-26e">
         <name>HOSTclose</name>
         <value>0x17a5</value>
         <object_component_ref idref="oc-165"/>
      </symbol>
      <symbol id="sm-278">
         <name>HOSTlseek</name>
         <value>0x13b5</value>
         <object_component_ref idref="oc-171"/>
      </symbol>
      <symbol id="sm-282">
         <name>HOSTopen</name>
         <value>0x1551</value>
         <object_component_ref idref="oc-161"/>
      </symbol>
      <symbol id="sm-283">
         <name>parmbuf</name>
         <value>0x20200604</value>
      </symbol>
      <symbol id="sm-28d">
         <name>HOSTread</name>
         <value>0x15ad</value>
         <object_component_ref idref="oc-169"/>
      </symbol>
      <symbol id="sm-29e">
         <name>HOSTrename</name>
         <value>0x141d</value>
         <object_component_ref idref="oc-179"/>
      </symbol>
      <symbol id="sm-2a8">
         <name>HOSTunlink</name>
         <value>0x17ed</value>
         <object_component_ref idref="oc-175"/>
      </symbol>
      <symbol id="sm-2b2">
         <name>HOSTwrite</name>
         <value>0x1605</value>
         <object_component_ref idref="oc-16d"/>
      </symbol>
      <symbol id="sm-2c0">
         <name>C$$IO$$</name>
         <value>0x1b13</value>
         <object_component_ref idref="oc-1a0"/>
      </symbol>
      <symbol id="sm-2c1">
         <name>__TI_writemsg</name>
         <value>0x1ae9</value>
         <object_component_ref idref="oc-1a0"/>
      </symbol>
      <symbol id="sm-2c2">
         <name>__CIOBUF_</name>
         <value>0x20200438</value>
         <object_component_ref idref="oc-1d7"/>
      </symbol>
      <symbol id="sm-2c3">
         <name>__TI_readmsg</name>
         <value>0x1ab5</value>
         <object_component_ref idref="oc-1a6"/>
      </symbol>
      <symbol id="sm-2c4">
         <name>_CIOBUF_</name>
         <value>0x20200438</value>
         <object_component_ref idref="oc-1d7"/>
      </symbol>
      <symbol id="sm-2ca">
         <name>__aeabi_memcpy</name>
         <value>0x1e59</value>
         <object_component_ref idref="oc-49"/>
      </symbol>
      <symbol id="sm-2cb">
         <name>__aeabi_memcpy4</name>
         <value>0x1e59</value>
         <object_component_ref idref="oc-49"/>
      </symbol>
      <symbol id="sm-2cc">
         <name>__aeabi_memcpy8</name>
         <value>0x1e59</value>
         <object_component_ref idref="oc-49"/>
      </symbol>
      <symbol id="sm-2d2">
         <name>__aeabi_memset</name>
         <value>0x1d0d</value>
         <object_component_ref idref="oc-72"/>
      </symbol>
      <symbol id="sm-2d3">
         <name>__aeabi_memset4</name>
         <value>0x1d0d</value>
         <object_component_ref idref="oc-72"/>
      </symbol>
      <symbol id="sm-2d4">
         <name>__aeabi_memset8</name>
         <value>0x1d0d</value>
         <object_component_ref idref="oc-72"/>
      </symbol>
      <symbol id="sm-2d5">
         <name>__aeabi_memclr</name>
         <value>0x1d1d</value>
         <object_component_ref idref="oc-72"/>
      </symbol>
      <symbol id="sm-2d6">
         <name>__aeabi_memclr4</name>
         <value>0x1d1d</value>
         <object_component_ref idref="oc-72"/>
      </symbol>
      <symbol id="sm-2d7">
         <name>__aeabi_memclr8</name>
         <value>0x1d1d</value>
         <object_component_ref idref="oc-72"/>
      </symbol>
      <symbol id="sm-2dd">
         <name>__aeabi_uidiv</name>
         <value>0x18fd</value>
         <object_component_ref idref="oc-f4"/>
      </symbol>
      <symbol id="sm-2de">
         <name>__aeabi_uidivmod</name>
         <value>0x18fd</value>
         <object_component_ref idref="oc-f4"/>
      </symbol>
      <symbol id="sm-2e8">
         <name>__aeabi_idiv0</name>
         <value>0x1e03</value>
         <object_component_ref idref="oc-14d"/>
      </symbol>
      <symbol id="sm-2f6">
         <name>finddevice</name>
         <value>0x19ad</value>
         <object_component_ref idref="oc-129"/>
      </symbol>
      <symbol id="sm-2f7">
         <name>getdevice</name>
         <value>0x1349</value>
         <object_component_ref idref="oc-1be"/>
      </symbol>
      <symbol id="sm-300">
         <name>TI_memcpy_small</name>
         <value>0x1d97</value>
         <object_component_ref idref="oc-86"/>
      </symbol>
      <symbol id="sm-309">
         <name>TI_memset_small</name>
         <value>0x1df5</value>
         <object_component_ref idref="oc-c6"/>
      </symbol>
      <symbol id="sm-30a">
         <name>__TI_static_base__</name>
         <value>0x0</value>
      </symbol>
      <symbol id="sm-30d">
         <name>__mpu_init</name>
         <value>0x0</value>
      </symbol>
      <symbol id="sm-30e">
         <name>_system_post_cinit</name>
         <value>0x0</value>
      </symbol>
   </symbol_table>
   <title>Link successful</title>
</link_info>
